615 10TH ST
816 DUFF AV
4101 DAWES DR
623 6TH ST
1518 13TH ST
623 6TH ST
928 BURNETT AV
441 E 6TH ST
928 BURNETT AV
711 HODGE AV
224 N RUSSELL AV
920 BURNETT AV
405 E 6TH ST
251 N HYLAND AV
631 9TH ST
145 CAMPUS AV
143 N SHELDON AV
3114 WOODLAND ST
1 118 CURTISS AV
251 N HYLAND AV
618 CARROLL AV
618 CARROLL AV
618 CARROLL AV
