714 Douglas av
1007 I nett av
808 Burnett av
502 Douglas av
1218 Clark av
916 N Kellogg av
502 Douglas av
915 Clark av
1007 Burnett av
116 Welch av
9 Kellogg av
817 Douglas av
1018 av
1 B (Corinne) rd
1012 N Duff av
910 Northwestern av
910 N Western av
208 S Duff av
13 Kellogg av
2 N Duff av
1317 N Kellogg av
1421 Kellogg av
13 Kellogg av
1317 N Kellogg av
27 N Kellogg av
303 Welch av
201 Gray av